
Allocating common symbols
Common symbol       size              file

mem_para_info       0xc0              arch/arm/mach-sunxi/pm/standby/super/resume/resume1_c_part.o
saved_context_r13_irq
                    0x8               arch/arm/mach-sunxi/pm/standby/../mem_cpu.o
saved_context_r12_svc
                    0x8               arch/arm/mach-sunxi/pm/standby/../mem_cpu.o
saved_spsr_fiq      0x4               arch/arm/mach-sunxi/pm/standby/../mem_cpu.o
saved_spsr_und      0x4               arch/arm/mach-sunxi/pm/standby/../mem_cpu.o
saved_spsr_irq      0x4               arch/arm/mach-sunxi/pm/standby/../mem_cpu.o
saved_context_r13_abt
                    0x8               arch/arm/mach-sunxi/pm/standby/../mem_cpu.o
saved_spsr_mon      0x4               arch/arm/mach-sunxi/pm/standby/../mem_cpu.o
saved_empty_context_svc
                    0xb0              arch/arm/mach-sunxi/pm/standby/../mem_cpu.o
saved_context_r13_fiq
                    0x1c              arch/arm/mach-sunxi/pm/standby/../mem_cpu.o
saved_cpsr_svc      0x4               arch/arm/mach-sunxi/pm/standby/../mem_cpu.o
saved_context_r13_sys
                    0x8               arch/arm/mach-sunxi/pm/standby/../mem_cpu.o
saved_spsr_abt      0x4               arch/arm/mach-sunxi/pm/standby/../mem_cpu.o
saved_context_r13_mon
                    0x8               arch/arm/mach-sunxi/pm/standby/../mem_cpu.o
saved_spsr_svc      0x4               arch/arm/mach-sunxi/pm/standby/../mem_cpu.o
saved_context_r13_und
                    0x8               arch/arm/mach-sunxi/pm/standby/../mem_cpu.o

Memory Configuration

Name             Origin             Length             Attributes
*default*        0x00000000         0xffffffff

Linker script and memory map

                0x00000000                __resume1_start = .

.text           0x00000000     0x2fe0
 arch/arm/mach-sunxi/pm/standby/super/resume/resume_head.o(.rodata)
 .rodata        0x00000000       0x30 arch/arm/mach-sunxi/pm/standby/super/resume/resume_head.o
                0x00000000                resume_head
 arch/arm/mach-sunxi/pm/standby/super/resume/resume1.o(.text)
 .text          0x00000030       0x5c arch/arm/mach-sunxi/pm/standby/super/resume/resume1.o
                0x00000030                _start
 *(.text)
 .text          0x0000008c        0x0 arch/arm/mach-sunxi/pm/standby/super/resume/resume_head.o
 .text          0x0000008c       0x28 arch/arm/mach-sunxi/pm/standby/super/common.o
                0x0000008c                mem_memcpy
 .text          0x000000b4        0x0 arch/arm/mach-sunxi/pm/standby/super/super_twi.o
 .text          0x000000b4       0x28 arch/arm/mach-sunxi/pm/standby/super/super_delay.o
                0x000000b4                mem_delay
 .text          0x000000dc        0x0 arch/arm/mach-sunxi/pm/standby/super/super_clock.o
 .text          0x000000dc        0x0 arch/arm/mach-sunxi/pm/standby/super/super_power.o
 .text          0x000000dc        0x0 arch/arm/mach-sunxi/pm/standby/super/super_cpus.o
 .text          0x000000dc      0x28c arch/arm/mach-sunxi/pm/standby/super/resume/resume1_c_part.o
                0x000000dc                resume1_c_part
                0x00000238                set_pll
 .text          0x00000368      0x378 arch/arm/mach-sunxi/pm/standby/../pm_debug.o
                0x00000368                busy_waiting
                0x00000388                save_mem_flag
                0x0000038c                clear_mem_flag
                0x00000390                mem_status_init
                0x000003b4                mem_status_init_nommu
                0x000003d8                mem_status_clear
                0x0000046c                mem_status_exit
                0x00000470                save_mem_status
                0x00000504                get_mem_status
                0x00000558                show_mem_status
                0x000005d0                save_mem_status_nommu
                0x00000664                io_init
                0x0000067c                io_init_high
                0x00000694                io_init_low
                0x000006ac                io_high
 .text          0x000006e0      0x200 arch/arm/mach-sunxi/pm/standby/../mem_timing.o
                0x000006e0                init_perfcounters
                0x00000714                backup_perfcounter
                0x00000730                restore_perfcounter
                0x00000754                get_cyclecount
                0x0000075c                reset_counter
                0x0000076c                change_runtime_env
                0x000007a0                delay_us
                0x00000828                delay_ms
                0x0000085c                init_event_counter
                0x00000888                set_event_counter
                0x000008b4                get_event_counter
 .text          0x000008e0       0xa0 arch/arm/mach-sunxi/pm/standby/../mem_mmu_pc.o
                0x000008e0                save_mmu_state
                0x0000091c                restore_mmu_state
 .text          0x00000980      0x560 arch/arm/mach-sunxi/pm/standby/../mem_mmu_pc_asm.o
                0x00000980                save_sp
                0x0000098c                save_sp_nommu
                0x00000998                restore_sp
                0x000009a0                get_sp
                0x000009b0                get_cur_cluster_id
                0x000009c0                invalidate_dcache
                0x00000a54                invalidate_icache
                0x00000a6c                flush_dcache
                0x00000b08                flush_icache
                0x00000b2c                disable_cache
                0x00000b4c                disable_dcache
                0x00000b68                disable_icache
                0x00000b84                disable_l2cache
                0x00000ba0                enable_cache
                0x00000bc0                enable_icache
                0x00000bdc                invalidate_branch_predictor
                0x00000bf4                disable_program_flow_prediction
                0x00000c10                enable_program_flow_prediction
                0x00000c2c                mem_flush_tlb
                0x00000c50                mem_preload_tlb
                0x00000d5c                disable_mmu
                0x00000d94                enable_mmu
                0x00000dd4                jump_to_suspend
                0x00000df0                jump_to_resume
                0x00000e10                jump_to_resume0
                0x00000e20                jump_to_resume0_nommu
 .text          0x00000ee0      0x804 arch/arm/mach-sunxi/pm/standby/../mem_cpu.o
                0x00000ee0                __save_processor_state
                0x00001304                __restore_processor_state
                0x000015e8                disable_cache_invalidate
                0x00001600                set_copro_default
                0x000016a8                save_processor_state
                0x000016b4                restore_processor_state
                0x000016c0                restore_processor_ttbr0
                0x000016d4                set_ttbr0
 .text          0x000016e4      0x544 arch/arm/mach-sunxi/pm/standby/../mem_serial.o
                0x00001838                serial_exit
                0x00001878                serial_init_nommu
                0x000018fc                serial_puts_nommu
                0x000019ac                serial_gets_nommu
                0x00001a38                serial_init_manager
                0x00001a4c                serial_exit_manager
                0x00001a60                serial_init
                0x00001aec                serial_puts
                0x00001b9c                serial_gets
 .text          0x00001c28      0x7ec arch/arm/mach-sunxi/pm/standby/../mem_printk.o
                0x00001e74                printk
                0x00002144                printk_nommu
 .text          0x00002414      0x1dc arch/arm/mach-sunxi/pm/standby/../mem_divlib.o
                0x00002414                standby_delay
                0x0000243c                standby_delay_cycle
                0x00002448                Ldiv0
                0x00002458                __aeabi_uidiv
                0x000024f4                __aeabi_idiv
                0x000025c0                __aeabi_uidivmod
                0x000025d8                __aeabi_idivmod
 .text          0x000025f0       0x58 arch/arm/mach-sunxi/pm/standby/../mem_divlibc.o
                0x000025f0                __mem_div0
                0x000025fc                raw_lib_udiv
 .text          0x00002648      0x19c arch/arm/mach-sunxi/pm/standby/../mem_int.o
                0x00002648                mem_int_init
                0x000026d8                mem_int_exit
                0x0000272c                mem_enable_int
                0x00002788                mem_query_int
 .text          0x000027e4       0xa0 arch/arm/mach-sunxi/pm/standby/../mem_gpio.o
                0x000027e4                mem_gpio_save
                0x00002810                mem_gpio_restore
                0x0000283c                config_gpio_clk
 .text          0x00002884      0x1e8 arch/arm/mach-sunxi/pm/standby/../mem_tmr.o
                0x00002884                mem_tmr_save
                0x000028e4                mem_tmr_restore
                0x00002934                mem_tmr_init
                0x0000296c                mem_tmr_exit
                0x00002994                mem_tmr_enable_watchdog
                0x000029dc                mem_tmr_disable_watchdog
                0x00002a1c                mem_tmr_set
 .text          0x00002a6c       0x58 arch/arm/mach-sunxi/pm/standby/../mem_tmstmp.o
                0x00002a6c                mem_tmstmp_save
                0x00002a9c                mem_tmstmp_restore
 .text          0x00002ac4      0x178 arch/arm/mach-sunxi/pm/standby/../mem_hwspinlock.o
                0x00002ac4                hwspinlock_init
                0x00002af4                hwspin_lock_timeout
                0x00002b70                hwspin_unlock
                0x00002ba0                hwspin_lock_timeout_nommu
                0x00002c0c                hwspin_unlock_nommu
 .text          0x00002c3c      0x3a4 arch/arm/mach-sunxi/pm/standby/../mem_clk.o
                0x00002c3c                mem_clk_init
                0x00002c6c                mem_get_ba
                0x00002c7c                mem_clk_save
                0x00002cb8                mem_clk_restore
                0x00002cec                mem_clk_setdiv
                0x00002d5c                mem_clk_getdiv
                0x00002da4                mem_clk_set_pll_factor
                0x00002df8                mem_clk_get_pll_factor
                0x00002e40                mem_clk_set_misc
                0x00002ef4                mem_clk_get_misc
                0x00002f84                mem_clk_get_cpu_freq

.glue_7         0x00002fe0        0x0
 .glue_7        0x00000000        0x0 linker stubs

.glue_7t        0x00002fe0        0x0
 .glue_7t       0x00000000        0x0 linker stubs

.vfp11_veneer   0x00002fe0        0x0
 .vfp11_veneer  0x00000000        0x0 linker stubs

.v4_bx          0x00002fe0        0x0
 .v4_bx         0x00000000        0x0 linker stubs

.iplt           0x00002fe0        0x0
 .iplt          0x00000000        0x0 arch/arm/mach-sunxi/pm/standby/super/resume/resume_head.o

.rodata         0x00002fe0       0x1c
 *(.rodata)
 .rodata        0x00002fe0       0x10 arch/arm/mach-sunxi/pm/standby/../mem_timing.o
 .rodata        0x00002ff0        0xc arch/arm/mach-sunxi/pm/standby/../mem_serial.o

.rodata.str1.4  0x00002ffc      0x198
 .rodata.str1.4
                0x00002ffc      0x104 arch/arm/mach-sunxi/pm/standby/super/resume/resume1_c_part.o
 .rodata.str1.4
                0x00003100       0x17 arch/arm/mach-sunxi/pm/standby/../pm_debug.o
                                 0x18 (size before relaxing)
 *fill*         0x00003117        0x1 00
 .rodata.str1.4
                0x00003118       0x25 arch/arm/mach-sunxi/pm/standby/../mem_printk.o
                                 0x28 (size before relaxing)
 *fill*         0x0000313d        0x3 00
 .rodata.str1.4
                0x00003140       0x1a arch/arm/mach-sunxi/pm/standby/../mem_divlibc.o
                                 0x1c (size before relaxing)
 *fill*         0x0000315a        0x2 00
 .rodata.str1.4
                0x0000315c       0x1b arch/arm/mach-sunxi/pm/standby/../mem_int.o
                                 0x1c (size before relaxing)
 *fill*         0x00003177        0x1 00
 .rodata.str1.4
                0x00003178       0x1c arch/arm/mach-sunxi/pm/standby/../mem_hwspinlock.o

.rel.dyn        0x00003194        0x0
 .rel.iplt      0x00000000        0x0 arch/arm/mach-sunxi/pm/standby/super/resume/resume_head.o

.data           0x00003194        0x4
 *(.data)
 .data          0x00003194        0x0 arch/arm/mach-sunxi/pm/standby/super/resume/resume_head.o
 .data          0x00003194        0x0 arch/arm/mach-sunxi/pm/standby/super/resume/resume1.o
 .data          0x00003194        0x0 arch/arm/mach-sunxi/pm/standby/super/common.o
 .data          0x00003194        0x0 arch/arm/mach-sunxi/pm/standby/super/super_twi.o
 .data          0x00003194        0x0 arch/arm/mach-sunxi/pm/standby/super/super_delay.o
 .data          0x00003194        0x0 arch/arm/mach-sunxi/pm/standby/super/super_clock.o
 .data          0x00003194        0x0 arch/arm/mach-sunxi/pm/standby/super/super_power.o
 .data          0x00003194        0x0 arch/arm/mach-sunxi/pm/standby/super/super_cpus.o
 .data          0x00003194        0x4 arch/arm/mach-sunxi/pm/standby/super/resume/resume1_c_part.o
 .data          0x00003198        0x0 arch/arm/mach-sunxi/pm/standby/../pm_debug.o
 .data          0x00003198        0x0 arch/arm/mach-sunxi/pm/standby/../mem_timing.o
 .data          0x00003198        0x0 arch/arm/mach-sunxi/pm/standby/../mem_mmu_pc.o
 .data          0x00003198        0x0 arch/arm/mach-sunxi/pm/standby/../mem_mmu_pc_asm.o
 .data          0x00003198        0x0 arch/arm/mach-sunxi/pm/standby/../mem_cpu.o
 .data          0x00003198        0x0 arch/arm/mach-sunxi/pm/standby/../mem_serial.o
 .data          0x00003198        0x0 arch/arm/mach-sunxi/pm/standby/../mem_printk.o
 .data          0x00003198        0x0 arch/arm/mach-sunxi/pm/standby/../mem_divlib.o
 .data          0x00003198        0x0 arch/arm/mach-sunxi/pm/standby/../mem_divlibc.o
 .data          0x00003198        0x0 arch/arm/mach-sunxi/pm/standby/../mem_int.o
 .data          0x00003198        0x0 arch/arm/mach-sunxi/pm/standby/../mem_gpio.o
 .data          0x00003198        0x0 arch/arm/mach-sunxi/pm/standby/../mem_tmr.o
 .data          0x00003198        0x0 arch/arm/mach-sunxi/pm/standby/../mem_tmstmp.o
 .data          0x00003198        0x0 arch/arm/mach-sunxi/pm/standby/../mem_hwspinlock.o
 .data          0x00003198        0x0 arch/arm/mach-sunxi/pm/standby/../mem_clk.o
                0x00003198                __bss_start = .

.igot.plt       0x00003198        0x0
 .igot.plt      0x00000000        0x0 arch/arm/mach-sunxi/pm/standby/super/resume/resume_head.o

.bss            0x00003198      0x3e0
 *(.sbss)
 *(.scommon)
 *(.bss)
 .bss           0x00003198        0x0 arch/arm/mach-sunxi/pm/standby/super/resume/resume_head.o
 .bss           0x00003198        0x0 arch/arm/mach-sunxi/pm/standby/super/resume/resume1.o
 .bss           0x00003198        0x0 arch/arm/mach-sunxi/pm/standby/super/common.o
 .bss           0x00003198        0x0 arch/arm/mach-sunxi/pm/standby/super/super_twi.o
 .bss           0x00003198        0x0 arch/arm/mach-sunxi/pm/standby/super/super_delay.o
 .bss           0x00003198        0x0 arch/arm/mach-sunxi/pm/standby/super/super_clock.o
 .bss           0x00003198        0x0 arch/arm/mach-sunxi/pm/standby/super/super_power.o
 .bss           0x00003198        0x0 arch/arm/mach-sunxi/pm/standby/super/super_cpus.o
 .bss           0x00003198        0x0 arch/arm/mach-sunxi/pm/standby/super/resume/resume1_c_part.o
 .bss           0x00003198       0x14 arch/arm/mach-sunxi/pm/standby/../pm_debug.o
                0x000031a8                print_flag
 .bss           0x000031ac       0x10 arch/arm/mach-sunxi/pm/standby/../mem_timing.o
 .bss           0x000031bc        0x0 arch/arm/mach-sunxi/pm/standby/../mem_mmu_pc.o
 .bss           0x000031bc        0x0 arch/arm/mach-sunxi/pm/standby/../mem_mmu_pc_asm.o
 .bss           0x000031bc       0xa0 arch/arm/mach-sunxi/pm/standby/../mem_cpu.o
 .bss           0x0000325c       0x14 arch/arm/mach-sunxi/pm/standby/../mem_serial.o
 .bss           0x00003270      0x100 arch/arm/mach-sunxi/pm/standby/../mem_printk.o
 .bss           0x00003370        0x0 arch/arm/mach-sunxi/pm/standby/../mem_divlib.o
 .bss           0x00003370        0x0 arch/arm/mach-sunxi/pm/standby/../mem_divlibc.o
 .bss           0x00003370        0x8 arch/arm/mach-sunxi/pm/standby/../mem_int.o
 .bss           0x00003378        0x4 arch/arm/mach-sunxi/pm/standby/../mem_gpio.o
 .bss           0x0000337c       0x10 arch/arm/mach-sunxi/pm/standby/../mem_tmr.o
 .bss           0x0000338c        0x4 arch/arm/mach-sunxi/pm/standby/../mem_tmstmp.o
 .bss           0x00003390        0x4 arch/arm/mach-sunxi/pm/standby/../mem_hwspinlock.o
 .bss           0x00003394        0xc arch/arm/mach-sunxi/pm/standby/../mem_clk.o
 *(COMMON)
 COMMON         0x000033a0       0xc0 arch/arm/mach-sunxi/pm/standby/super/resume/resume1_c_part.o
                0x000033a0                mem_para_info
 COMMON         0x00003460      0x118 arch/arm/mach-sunxi/pm/standby/../mem_cpu.o
                0x00003460                saved_context_r13_irq
                0x00003468                saved_context_r12_svc
                0x00003470                saved_spsr_fiq
                0x00003474                saved_spsr_und
                0x00003478                saved_spsr_irq
                0x0000347c                saved_context_r13_abt
                0x00003484                saved_spsr_mon
                0x00003488                saved_empty_context_svc
                0x00003538                saved_context_r13_fiq
                0x00003554                saved_cpsr_svc
                0x00003558                saved_context_r13_sys
                0x00003560                saved_spsr_abt
                0x00003564                saved_context_r13_mon
                0x0000356c                saved_spsr_svc
                0x00003570                saved_context_r13_und
                0x00003578                __bss_end = .
                0x00003578                __resume1_end = .
LOAD arch/arm/mach-sunxi/pm/standby/super/common.o
LOAD arch/arm/mach-sunxi/pm/standby/super/super_twi.o
LOAD arch/arm/mach-sunxi/pm/standby/super/super_delay.o
LOAD arch/arm/mach-sunxi/pm/standby/super/super_clock.o
LOAD arch/arm/mach-sunxi/pm/standby/super/super_power.o
LOAD arch/arm/mach-sunxi/pm/standby/super/super_cpus.o
LOAD arch/arm/mach-sunxi/pm/standby/super/resume/resume1.o
LOAD arch/arm/mach-sunxi/pm/standby/super/resume/resume_head.o
LOAD arch/arm/mach-sunxi/pm/standby/super/resume/resume1_c_part.o
LOAD arch/arm/mach-sunxi/pm/standby/../pm_debug.o
LOAD arch/arm/mach-sunxi/pm/standby/../mem_timing.o
LOAD arch/arm/mach-sunxi/pm/standby/../mem_mmu_pc.o
LOAD arch/arm/mach-sunxi/pm/standby/../mem_mmu_pc_asm.o
LOAD arch/arm/mach-sunxi/pm/standby/../mem_cpu.o
LOAD arch/arm/mach-sunxi/pm/standby/../mem_serial.o
LOAD arch/arm/mach-sunxi/pm/standby/../mem_printk.o
LOAD arch/arm/mach-sunxi/pm/standby/../mem_divlib.o
LOAD arch/arm/mach-sunxi/pm/standby/../mem_divlibc.o
LOAD arch/arm/mach-sunxi/pm/standby/../mem_int.o
LOAD arch/arm/mach-sunxi/pm/standby/../mem_gpio.o
LOAD arch/arm/mach-sunxi/pm/standby/../mem_tmr.o
LOAD arch/arm/mach-sunxi/pm/standby/../mem_tmstmp.o
LOAD arch/arm/mach-sunxi/pm/standby/../mem_hwspinlock.o
LOAD arch/arm/mach-sunxi/pm/standby/../mem_clk.o
OUTPUT(arch/arm/mach-sunxi/pm/standby/resume1.elf elf32-littlearm)

.debug_info     0x00000000     0x5f83
 .debug_info    0x00000000      0x1b4 arch/arm/mach-sunxi/pm/standby/super/resume/resume_head.o
 .debug_info    0x000001b4       0x82 arch/arm/mach-sunxi/pm/standby/super/resume/resume1.o
 .debug_info    0x00000236       0xd0 arch/arm/mach-sunxi/pm/standby/super/common.o
 .debug_info    0x00000306       0x6c arch/arm/mach-sunxi/pm/standby/super/super_twi.o
 .debug_info    0x00000372       0x7f arch/arm/mach-sunxi/pm/standby/super/super_delay.o
 .debug_info    0x000003f1       0x6c arch/arm/mach-sunxi/pm/standby/super/super_clock.o
 .debug_info    0x0000045d       0x6c arch/arm/mach-sunxi/pm/standby/super/super_power.o
 .debug_info    0x000004c9       0x6c arch/arm/mach-sunxi/pm/standby/super/super_cpus.o
 .debug_info    0x00000535     0x1094 arch/arm/mach-sunxi/pm/standby/super/resume/resume1_c_part.o
 .debug_info    0x000015c9      0x3e1 arch/arm/mach-sunxi/pm/standby/../pm_debug.o
 .debug_info    0x000019aa      0x4fa arch/arm/mach-sunxi/pm/standby/../mem_timing.o
 .debug_info    0x00001ea4      0x14f arch/arm/mach-sunxi/pm/standby/../mem_mmu_pc.o
 .debug_info    0x00001ff3       0x7f arch/arm/mach-sunxi/pm/standby/../mem_mmu_pc_asm.o
 .debug_info    0x00002072      0x594 arch/arm/mach-sunxi/pm/standby/../mem_cpu.o
 .debug_info    0x00002606     0x11bd arch/arm/mach-sunxi/pm/standby/../mem_serial.o
 .debug_info    0x000037c3      0x844 arch/arm/mach-sunxi/pm/standby/../mem_printk.o
 .debug_info    0x00004007       0x7b arch/arm/mach-sunxi/pm/standby/../mem_divlib.o
 .debug_info    0x00004082       0xfa arch/arm/mach-sunxi/pm/standby/../mem_divlibc.o
 .debug_info    0x0000417c      0x2d1 arch/arm/mach-sunxi/pm/standby/../mem_int.o
 .debug_info    0x0000444d      0x16a arch/arm/mach-sunxi/pm/standby/../mem_gpio.o
 .debug_info    0x000045b7      0x48c arch/arm/mach-sunxi/pm/standby/../mem_tmr.o
 .debug_info    0x00004a43      0x1ba arch/arm/mach-sunxi/pm/standby/../mem_tmstmp.o
 .debug_info    0x00004bfd      0x303 arch/arm/mach-sunxi/pm/standby/../mem_hwspinlock.o
 .debug_info    0x00004f00     0x1083 arch/arm/mach-sunxi/pm/standby/../mem_clk.o

.debug_abbrev   0x00000000     0x1534
 .debug_abbrev  0x00000000       0x97 arch/arm/mach-sunxi/pm/standby/super/resume/resume_head.o
 .debug_abbrev  0x00000097       0x14 arch/arm/mach-sunxi/pm/standby/super/resume/resume1.o
 .debug_abbrev  0x000000ab       0x8b arch/arm/mach-sunxi/pm/standby/super/common.o
 .debug_abbrev  0x00000136       0x2a arch/arm/mach-sunxi/pm/standby/super/super_twi.o
 .debug_abbrev  0x00000160       0x14 arch/arm/mach-sunxi/pm/standby/super/super_delay.o
 .debug_abbrev  0x00000174       0x2a arch/arm/mach-sunxi/pm/standby/super/super_clock.o
 .debug_abbrev  0x0000019e       0x2a arch/arm/mach-sunxi/pm/standby/super/super_power.o
 .debug_abbrev  0x000001c8       0x2a arch/arm/mach-sunxi/pm/standby/super/super_cpus.o
 .debug_abbrev  0x000001f2      0x187 arch/arm/mach-sunxi/pm/standby/super/resume/resume1_c_part.o
 .debug_abbrev  0x00000379      0x192 arch/arm/mach-sunxi/pm/standby/../pm_debug.o
 .debug_abbrev  0x0000050b      0x1f0 arch/arm/mach-sunxi/pm/standby/../mem_timing.o
 .debug_abbrev  0x000006fb       0xa8 arch/arm/mach-sunxi/pm/standby/../mem_mmu_pc.o
 .debug_abbrev  0x000007a3       0x14 arch/arm/mach-sunxi/pm/standby/../mem_mmu_pc_asm.o
 .debug_abbrev  0x000007b7      0x148 arch/arm/mach-sunxi/pm/standby/../mem_cpu.o
 .debug_abbrev  0x000008ff      0x31c arch/arm/mach-sunxi/pm/standby/../mem_serial.o
 .debug_abbrev  0x00000c1b      0x221 arch/arm/mach-sunxi/pm/standby/../mem_printk.o
 .debug_abbrev  0x00000e3c       0x14 arch/arm/mach-sunxi/pm/standby/../mem_divlib.o
 .debug_abbrev  0x00000e50       0x81 arch/arm/mach-sunxi/pm/standby/../mem_divlibc.o
 .debug_abbrev  0x00000ed1       0xcb arch/arm/mach-sunxi/pm/standby/../mem_int.o
 .debug_abbrev  0x00000f9c       0xda arch/arm/mach-sunxi/pm/standby/../mem_gpio.o
 .debug_abbrev  0x00001076       0xf2 arch/arm/mach-sunxi/pm/standby/../mem_tmr.o
 .debug_abbrev  0x00001168       0xd5 arch/arm/mach-sunxi/pm/standby/../mem_tmstmp.o
 .debug_abbrev  0x0000123d      0x148 arch/arm/mach-sunxi/pm/standby/../mem_hwspinlock.o
 .debug_abbrev  0x00001385      0x1af arch/arm/mach-sunxi/pm/standby/../mem_clk.o

.debug_line     0x00000000     0x1704
 .debug_line    0x00000000       0xbc arch/arm/mach-sunxi/pm/standby/super/resume/resume_head.o
 .debug_line    0x000000bc       0x7f arch/arm/mach-sunxi/pm/standby/super/resume/resume1.o
 .debug_line    0x0000013b       0x76 arch/arm/mach-sunxi/pm/standby/super/common.o
 .debug_line    0x000001b1       0x1d arch/arm/mach-sunxi/pm/standby/super/super_twi.o
 .debug_line    0x000001ce       0x6b arch/arm/mach-sunxi/pm/standby/super/super_delay.o
 .debug_line    0x00000239       0x1d arch/arm/mach-sunxi/pm/standby/super/super_clock.o
 .debug_line    0x00000256       0x1d arch/arm/mach-sunxi/pm/standby/super/super_power.o
 .debug_line    0x00000273       0x1d arch/arm/mach-sunxi/pm/standby/super/super_cpus.o
 .debug_line    0x00000290      0x187 arch/arm/mach-sunxi/pm/standby/super/resume/resume1_c_part.o
 .debug_line    0x00000417      0x14d arch/arm/mach-sunxi/pm/standby/../pm_debug.o
 .debug_line    0x00000564      0x133 arch/arm/mach-sunxi/pm/standby/../mem_timing.o
 .debug_line    0x00000697       0xb0 arch/arm/mach-sunxi/pm/standby/../mem_mmu_pc.o
 .debug_line    0x00000747      0x1b3 arch/arm/mach-sunxi/pm/standby/../mem_mmu_pc_asm.o
 .debug_line    0x000008fa      0x149 arch/arm/mach-sunxi/pm/standby/../mem_cpu.o
 .debug_line    0x00000a43      0x20b arch/arm/mach-sunxi/pm/standby/../mem_serial.o
 .debug_line    0x00000c4e      0x34c arch/arm/mach-sunxi/pm/standby/../mem_printk.o
 .debug_line    0x00000f9a       0xad arch/arm/mach-sunxi/pm/standby/../mem_divlib.o
 .debug_line    0x00001047       0x86 arch/arm/mach-sunxi/pm/standby/../mem_divlibc.o
 .debug_line    0x000010cd      0x125 arch/arm/mach-sunxi/pm/standby/../mem_int.o
 .debug_line    0x000011f2       0xac arch/arm/mach-sunxi/pm/standby/../mem_gpio.o
 .debug_line    0x0000129e      0x100 arch/arm/mach-sunxi/pm/standby/../mem_tmr.o
 .debug_line    0x0000139e       0xb3 arch/arm/mach-sunxi/pm/standby/../mem_tmstmp.o
 .debug_line    0x00001451      0x121 arch/arm/mach-sunxi/pm/standby/../mem_hwspinlock.o
 .debug_line    0x00001572      0x192 arch/arm/mach-sunxi/pm/standby/../mem_clk.o

.debug_str      0x00000000     0x1ed0
 .debug_str     0x00000000      0x23c arch/arm/mach-sunxi/pm/standby/super/resume/resume_head.o
                                0x274 (size before relaxing)
 .debug_str     0x0000023c       0x49 arch/arm/mach-sunxi/pm/standby/super/common.o
                                0x116 (size before relaxing)
 .debug_str     0x00000285       0x31 arch/arm/mach-sunxi/pm/standby/super/super_twi.o
                                 0xf9 (size before relaxing)
 .debug_str     0x000002b6       0x33 arch/arm/mach-sunxi/pm/standby/super/super_clock.o
                                 0xfb (size before relaxing)
 .debug_str     0x000002e9       0x33 arch/arm/mach-sunxi/pm/standby/super/super_power.o
                                 0xfb (size before relaxing)
 .debug_str     0x0000031c       0x32 arch/arm/mach-sunxi/pm/standby/super/super_cpus.o
                                 0xfa (size before relaxing)
 .debug_str     0x0000034e      0xa24 arch/arm/mach-sunxi/pm/standby/super/resume/resume1_c_part.o
                                0xbeb (size before relaxing)
 .debug_str     0x00000d72      0x1a8 arch/arm/mach-sunxi/pm/standby/../pm_debug.o
                                0x35d (size before relaxing)
 .debug_str     0x00000f1a      0x1c0 arch/arm/mach-sunxi/pm/standby/../mem_timing.o
                                0x37f (size before relaxing)
 .debug_str     0x000010da       0x50 arch/arm/mach-sunxi/pm/standby/../mem_mmu_pc.o
                                0x165 (size before relaxing)
 .debug_str     0x0000112a      0x285 arch/arm/mach-sunxi/pm/standby/../mem_cpu.o
                                0x485 (size before relaxing)
 .debug_str     0x000013af      0x1d3 arch/arm/mach-sunxi/pm/standby/../mem_serial.o
                                0xa5f (size before relaxing)
 .debug_str     0x00001582       0xe5 arch/arm/mach-sunxi/pm/standby/../mem_printk.o
                                0x2ac (size before relaxing)
 .debug_str     0x00001667       0x6f arch/arm/mach-sunxi/pm/standby/../mem_divlibc.o
                                0x143 (size before relaxing)
 .debug_str     0x000016d6      0x279 arch/arm/mach-sunxi/pm/standby/../mem_int.o
                                0x420 (size before relaxing)
 .debug_str     0x0000194f       0x9b arch/arm/mach-sunxi/pm/standby/../mem_gpio.o
                                0x183 (size before relaxing)
 .debug_str     0x000019ea      0x241 arch/arm/mach-sunxi/pm/standby/../mem_tmr.o
                                0x438 (size before relaxing)
 .debug_str     0x00001c2b       0x9f arch/arm/mach-sunxi/pm/standby/../mem_tmstmp.o
                                0x250 (size before relaxing)
 .debug_str     0x00001cca       0xda arch/arm/mach-sunxi/pm/standby/../mem_hwspinlock.o
                                0x292 (size before relaxing)
 .debug_str     0x00001da4      0x12c arch/arm/mach-sunxi/pm/standby/../mem_clk.o
                                0xa4f (size before relaxing)

.comment        0x00000000       0x64
 .comment       0x00000000       0x64 arch/arm/mach-sunxi/pm/standby/super/resume/resume_head.o
                                 0x65 (size before relaxing)
 .comment       0x00000000       0x65 arch/arm/mach-sunxi/pm/standby/super/common.o
 .comment       0x00000000       0x65 arch/arm/mach-sunxi/pm/standby/super/super_twi.o
 .comment       0x00000000       0x65 arch/arm/mach-sunxi/pm/standby/super/super_clock.o
 .comment       0x00000000       0x65 arch/arm/mach-sunxi/pm/standby/super/super_power.o
 .comment       0x00000000       0x65 arch/arm/mach-sunxi/pm/standby/super/super_cpus.o
 .comment       0x00000000       0x65 arch/arm/mach-sunxi/pm/standby/super/resume/resume1_c_part.o
 .comment       0x00000000       0x65 arch/arm/mach-sunxi/pm/standby/../pm_debug.o
 .comment       0x00000000       0x65 arch/arm/mach-sunxi/pm/standby/../mem_timing.o
 .comment       0x00000000       0x65 arch/arm/mach-sunxi/pm/standby/../mem_mmu_pc.o
 .comment       0x00000000       0x65 arch/arm/mach-sunxi/pm/standby/../mem_cpu.o
 .comment       0x00000000       0x65 arch/arm/mach-sunxi/pm/standby/../mem_serial.o
 .comment       0x00000000       0x65 arch/arm/mach-sunxi/pm/standby/../mem_printk.o
 .comment       0x00000000       0x65 arch/arm/mach-sunxi/pm/standby/../mem_divlibc.o
 .comment       0x00000000       0x65 arch/arm/mach-sunxi/pm/standby/../mem_int.o
 .comment       0x00000000       0x65 arch/arm/mach-sunxi/pm/standby/../mem_gpio.o
 .comment       0x00000000       0x65 arch/arm/mach-sunxi/pm/standby/../mem_tmr.o
 .comment       0x00000000       0x65 arch/arm/mach-sunxi/pm/standby/../mem_tmstmp.o
 .comment       0x00000000       0x65 arch/arm/mach-sunxi/pm/standby/../mem_hwspinlock.o
 .comment       0x00000000       0x65 arch/arm/mach-sunxi/pm/standby/../mem_clk.o

.note.GNU-stack
                0x00000000        0x0
 .note.GNU-stack
                0x00000000        0x0 arch/arm/mach-sunxi/pm/standby/super/resume/resume_head.o
 .note.GNU-stack
                0x00000000        0x0 arch/arm/mach-sunxi/pm/standby/super/common.o
 .note.GNU-stack
                0x00000000        0x0 arch/arm/mach-sunxi/pm/standby/super/super_twi.o
 .note.GNU-stack
                0x00000000        0x0 arch/arm/mach-sunxi/pm/standby/super/super_clock.o
 .note.GNU-stack
                0x00000000        0x0 arch/arm/mach-sunxi/pm/standby/super/super_power.o
 .note.GNU-stack
                0x00000000        0x0 arch/arm/mach-sunxi/pm/standby/super/super_cpus.o
 .note.GNU-stack
                0x00000000        0x0 arch/arm/mach-sunxi/pm/standby/super/resume/resume1_c_part.o
 .note.GNU-stack
                0x00000000        0x0 arch/arm/mach-sunxi/pm/standby/../pm_debug.o
 .note.GNU-stack
                0x00000000        0x0 arch/arm/mach-sunxi/pm/standby/../mem_timing.o
 .note.GNU-stack
                0x00000000        0x0 arch/arm/mach-sunxi/pm/standby/../mem_mmu_pc.o
 .note.GNU-stack
                0x00000000        0x0 arch/arm/mach-sunxi/pm/standby/../mem_cpu.o
 .note.GNU-stack
                0x00000000        0x0 arch/arm/mach-sunxi/pm/standby/../mem_serial.o
 .note.GNU-stack
                0x00000000        0x0 arch/arm/mach-sunxi/pm/standby/../mem_printk.o
 .note.GNU-stack
                0x00000000        0x0 arch/arm/mach-sunxi/pm/standby/../mem_divlibc.o
 .note.GNU-stack
                0x00000000        0x0 arch/arm/mach-sunxi/pm/standby/../mem_int.o
 .note.GNU-stack
                0x00000000        0x0 arch/arm/mach-sunxi/pm/standby/../mem_gpio.o
 .note.GNU-stack
                0x00000000        0x0 arch/arm/mach-sunxi/pm/standby/../mem_tmr.o
 .note.GNU-stack
                0x00000000        0x0 arch/arm/mach-sunxi/pm/standby/../mem_tmstmp.o
 .note.GNU-stack
                0x00000000        0x0 arch/arm/mach-sunxi/pm/standby/../mem_hwspinlock.o
 .note.GNU-stack
                0x00000000        0x0 arch/arm/mach-sunxi/pm/standby/../mem_clk.o

.ARM.attributes
                0x00000000       0x31
 .ARM.attributes
                0x00000000       0x33 arch/arm/mach-sunxi/pm/standby/super/resume/resume_head.o
 .ARM.attributes
                0x00000033       0x21 arch/arm/mach-sunxi/pm/standby/super/resume/resume1.o
 .ARM.attributes
                0x00000054       0x33 arch/arm/mach-sunxi/pm/standby/super/common.o
 .ARM.attributes
                0x00000087       0x33 arch/arm/mach-sunxi/pm/standby/super/super_twi.o
 .ARM.attributes
                0x000000ba       0x21 arch/arm/mach-sunxi/pm/standby/super/super_delay.o
 .ARM.attributes
                0x000000db       0x33 arch/arm/mach-sunxi/pm/standby/super/super_clock.o
 .ARM.attributes
                0x0000010e       0x33 arch/arm/mach-sunxi/pm/standby/super/super_power.o
 .ARM.attributes
                0x00000141       0x33 arch/arm/mach-sunxi/pm/standby/super/super_cpus.o
 .ARM.attributes
                0x00000174       0x33 arch/arm/mach-sunxi/pm/standby/super/resume/resume1_c_part.o
 .ARM.attributes
                0x000001a7       0x33 arch/arm/mach-sunxi/pm/standby/../pm_debug.o
 .ARM.attributes
                0x000001da       0x33 arch/arm/mach-sunxi/pm/standby/../mem_timing.o
 .ARM.attributes
                0x0000020d       0x33 arch/arm/mach-sunxi/pm/standby/../mem_mmu_pc.o
 .ARM.attributes
                0x00000240       0x21 arch/arm/mach-sunxi/pm/standby/../mem_mmu_pc_asm.o
 .ARM.attributes
                0x00000261       0x33 arch/arm/mach-sunxi/pm/standby/../mem_cpu.o
 .ARM.attributes
                0x00000294       0x33 arch/arm/mach-sunxi/pm/standby/../mem_serial.o
 .ARM.attributes
                0x000002c7       0x33 arch/arm/mach-sunxi/pm/standby/../mem_printk.o
 .ARM.attributes
                0x000002fa       0x21 arch/arm/mach-sunxi/pm/standby/../mem_divlib.o
 .ARM.attributes
                0x0000031b       0x33 arch/arm/mach-sunxi/pm/standby/../mem_divlibc.o
 .ARM.attributes
                0x0000034e       0x33 arch/arm/mach-sunxi/pm/standby/../mem_int.o
 .ARM.attributes
                0x00000381       0x33 arch/arm/mach-sunxi/pm/standby/../mem_gpio.o
 .ARM.attributes
                0x000003b4       0x33 arch/arm/mach-sunxi/pm/standby/../mem_tmr.o
 .ARM.attributes
                0x000003e7       0x33 arch/arm/mach-sunxi/pm/standby/../mem_tmstmp.o
 .ARM.attributes
                0x0000041a       0x33 arch/arm/mach-sunxi/pm/standby/../mem_hwspinlock.o
 .ARM.attributes
                0x0000044d       0x33 arch/arm/mach-sunxi/pm/standby/../mem_clk.o

.debug_aranges  0x00000000      0x260
 .debug_aranges
                0x00000000       0x20 arch/arm/mach-sunxi/pm/standby/super/resume/resume1.o
 .debug_aranges
                0x00000020       0x20 arch/arm/mach-sunxi/pm/standby/super/common.o
 .debug_aranges
                0x00000040       0x20 arch/arm/mach-sunxi/pm/standby/super/super_delay.o
 .debug_aranges
                0x00000060       0x20 arch/arm/mach-sunxi/pm/standby/super/resume/resume1_c_part.o
 .debug_aranges
                0x00000080       0x20 arch/arm/mach-sunxi/pm/standby/../pm_debug.o
 .debug_aranges
                0x000000a0       0x20 arch/arm/mach-sunxi/pm/standby/../mem_timing.o
 .debug_aranges
                0x000000c0       0x20 arch/arm/mach-sunxi/pm/standby/../mem_mmu_pc.o
 .debug_aranges
                0x000000e0       0x20 arch/arm/mach-sunxi/pm/standby/../mem_mmu_pc_asm.o
 .debug_aranges
                0x00000100       0x20 arch/arm/mach-sunxi/pm/standby/../mem_cpu.o
 .debug_aranges
                0x00000120       0x20 arch/arm/mach-sunxi/pm/standby/../mem_serial.o
 .debug_aranges
                0x00000140       0x20 arch/arm/mach-sunxi/pm/standby/../mem_printk.o
 .debug_aranges
                0x00000160       0x20 arch/arm/mach-sunxi/pm/standby/../mem_divlib.o
 .debug_aranges
                0x00000180       0x20 arch/arm/mach-sunxi/pm/standby/../mem_divlibc.o
 .debug_aranges
                0x000001a0       0x20 arch/arm/mach-sunxi/pm/standby/../mem_int.o
 .debug_aranges
                0x000001c0       0x20 arch/arm/mach-sunxi/pm/standby/../mem_gpio.o
 .debug_aranges
                0x000001e0       0x20 arch/arm/mach-sunxi/pm/standby/../mem_tmr.o
 .debug_aranges
                0x00000200       0x20 arch/arm/mach-sunxi/pm/standby/../mem_tmstmp.o
 .debug_aranges
                0x00000220       0x20 arch/arm/mach-sunxi/pm/standby/../mem_hwspinlock.o
 .debug_aranges
                0x00000240       0x20 arch/arm/mach-sunxi/pm/standby/../mem_clk.o

.debug_loc      0x00000000     0x1da4
 .debug_loc     0x00000000       0x64 arch/arm/mach-sunxi/pm/standby/super/common.o
 .debug_loc     0x00000064       0xae arch/arm/mach-sunxi/pm/standby/super/resume/resume1_c_part.o
 .debug_loc     0x00000112      0x1ee arch/arm/mach-sunxi/pm/standby/../pm_debug.o
 .debug_loc     0x00000300      0x380 arch/arm/mach-sunxi/pm/standby/../mem_timing.o
 .debug_loc     0x00000680       0x42 arch/arm/mach-sunxi/pm/standby/../mem_cpu.o
 .debug_loc     0x000006c2      0x539 arch/arm/mach-sunxi/pm/standby/../mem_serial.o
 .debug_loc     0x00000bfb      0x9e9 arch/arm/mach-sunxi/pm/standby/../mem_printk.o
 .debug_loc     0x000015e4       0xb2 arch/arm/mach-sunxi/pm/standby/../mem_divlibc.o
 .debug_loc     0x00001696      0x1d9 arch/arm/mach-sunxi/pm/standby/../mem_int.o
 .debug_loc     0x0000186f       0x8f arch/arm/mach-sunxi/pm/standby/../mem_gpio.o
 .debug_loc     0x000018fe       0x4f arch/arm/mach-sunxi/pm/standby/../mem_tmr.o
 .debug_loc     0x0000194d       0x3c arch/arm/mach-sunxi/pm/standby/../mem_tmstmp.o
 .debug_loc     0x00001989      0x1d7 arch/arm/mach-sunxi/pm/standby/../mem_hwspinlock.o
 .debug_loc     0x00001b60      0x244 arch/arm/mach-sunxi/pm/standby/../mem_clk.o

.debug_frame    0x00000000      0x804
 .debug_frame   0x00000000       0x20 arch/arm/mach-sunxi/pm/standby/super/common.o
 .debug_frame   0x00000020       0x48 arch/arm/mach-sunxi/pm/standby/super/resume/resume1_c_part.o
 .debug_frame   0x00000068      0x144 arch/arm/mach-sunxi/pm/standby/../pm_debug.o
 .debug_frame   0x000001ac       0xdc arch/arm/mach-sunxi/pm/standby/../mem_timing.o
 .debug_frame   0x00000288       0x30 arch/arm/mach-sunxi/pm/standby/../mem_mmu_pc.o
 .debug_frame   0x000002b8       0x90 arch/arm/mach-sunxi/pm/standby/../mem_cpu.o
 .debug_frame   0x00000348      0x110 arch/arm/mach-sunxi/pm/standby/../mem_serial.o
 .debug_frame   0x00000458       0xdc arch/arm/mach-sunxi/pm/standby/../mem_printk.o
 .debug_frame   0x00000534       0x30 arch/arm/mach-sunxi/pm/standby/../mem_divlibc.o
 .debug_frame   0x00000564       0x5c arch/arm/mach-sunxi/pm/standby/../mem_int.o
 .debug_frame   0x000005c0       0x40 arch/arm/mach-sunxi/pm/standby/../mem_gpio.o
 .debug_frame   0x00000600       0x80 arch/arm/mach-sunxi/pm/standby/../mem_tmr.o
 .debug_frame   0x00000680       0x30 arch/arm/mach-sunxi/pm/standby/../mem_tmstmp.o
 .debug_frame   0x000006b0       0x68 arch/arm/mach-sunxi/pm/standby/../mem_hwspinlock.o
 .debug_frame   0x00000718       0xec arch/arm/mach-sunxi/pm/standby/../mem_clk.o

.debug_ranges   0x00000000      0x1a8
 .debug_ranges  0x00000000      0x128 arch/arm/mach-sunxi/pm/standby/../mem_serial.o
 .debug_ranges  0x00000128       0x30 arch/arm/mach-sunxi/pm/standby/../mem_printk.o
 .debug_ranges  0x00000158       0x50 arch/arm/mach-sunxi/pm/standby/../mem_hwspinlock.o
